Hello, welcome to Airdream, the airline of your dreams
What kind of flight do you want to book?
[1] outward
[2] round trip
Select your departure city
Select your arrival city
Select your departure date (DD/MM/YYYY)
Please select the number of passengers
Please enter the passenger number 1 first name and last name
Please enter the passenger number 2 first name and last name
Your booking summary
Flight 1: Departure at Tue Dec 10 00:00:00 CET 2024 from Frankfurt and arrival in London
Passengers:
Michael Collins
Sue Morrison
Do you confirm? [Yes/No]
Thank you for your booking, we wish you an excellent trip to London
